
> ecommerce-lab@1.0.0 test
> jest --coverage --coverage

----------|---------|----------|---------|---------|-------------------
File      | % Stmts | % Branch | % Funcs | % Lines | Uncovered Line #s 
----------|---------|----------|---------|---------|-------------------
All files |     100 |       75 |     100 |     100 |                   
 app.js   |     100 |       75 |     100 |     100 | 38-41             
----------|---------|----------|---------|---------|-------------------
